------------------------------------------------------------
TimeQuest Timing Analyzer Summary
------------------------------------------------------------

Type  : Slow 1100mV 85C Model Setup 'clk_gen:inst23|div10_t:inst3|2'
Slack : -7.010
TNS   : -66.986

Type  : Slow 1100mV 85C Model Setup 'clk_gen:inst23|div10_t:inst2|2'
Slack : -1.659
TNS   : -6.458

Type  : Slow 1100mV 85C Model Setup 'clk_gen:inst23|div10_t:inst1|2'
Slack : -1.567
TNS   : -5.925

Type  : Slow 1100mV 85C Model Setup 'clk_gen:inst23|div10_t:inst|2'
Slack : -1.226
TNS   : -4.346

Type  : Slow 1100mV 85C Model Setup 'clk'
Slack : -0.796
TNS   : -3.241

Type  : Slow 1100mV 85C Model Hold 'clk'
Slack : -1.658
TNS   : -2.961

Type  : Slow 1100mV 85C Model Hold 'clk_gen:inst23|div10_t:inst|2'
Slack : -0.869
TNS   : -1.737

Type  : Slow 1100mV 85C Model Hold 'clk_gen:inst23|div10_t:inst1|2'
Slack : -0.855
TNS   : -1.507

Type  : Slow 1100mV 85C Model Hold 'clk_gen:inst23|div10_t:inst2|2'
Slack : -0.347
TNS   : -0.680

Type  : Slow 1100mV 85C Model Hold 'clk_gen:inst23|div10_t:inst3|2'
Slack : 0.513
TNS   : 0.000

Type  : Slow 1100mV 85C Model Minimum Pulse Width 'clk_gen:inst23|div10_t:inst3|2'
Slack : -0.724
TNS   : -24.770

Type  : Slow 1100mV 85C Model Minimum Pulse Width 'clk'
Slack : -0.724
TNS   : -5.656

Type  : Slow 1100mV 85C Model Minimum Pulse Width 'clk_gen:inst23|div10_t:inst2|2'
Slack : -0.724
TNS   : -5.529

Type  : Slow 1100mV 85C Model Minimum Pulse Width 'clk_gen:inst23|div10_t:inst1|2'
Slack : -0.724
TNS   : -4.790

Type  : Slow 1100mV 85C Model Minimum Pulse Width 'clk_gen:inst23|div10_t:inst|2'
Slack : -0.724
TNS   : -4.664

Type  : Slow 1100mV 0C Model Setup 'clk_gen:inst23|div10_t:inst3|2'
Slack : -7.445
TNS   : -68.848

Type  : Slow 1100mV 0C Model Setup 'clk_gen:inst23|div10_t:inst2|2'
Slack : -1.758
TNS   : -6.698

Type  : Slow 1100mV 0C Model Setup 'clk_gen:inst23|div10_t:inst1|2'
Slack : -1.601
TNS   : -6.090

Type  : Slow 1100mV 0C Model Setup 'clk_gen:inst23|div10_t:inst|2'
Slack : -1.238
TNS   : -4.300

Type  : Slow 1100mV 0C Model Setup 'clk'
Slack : -0.890
TNS   : -3.693

Type  : Slow 1100mV 0C Model Hold 'clk'
Slack : -1.637
TNS   : -3.176

Type  : Slow 1100mV 0C Model Hold 'clk_gen:inst23|div10_t:inst|2'
Slack : -0.684
TNS   : -1.366

Type  : Slow 1100mV 0C Model Hold 'clk_gen:inst23|div10_t:inst1|2'
Slack : -0.630
TNS   : -1.087

Type  : Slow 1100mV 0C Model Hold 'clk_gen:inst23|div10_t:inst2|2'
Slack : -0.227
TNS   : -0.442

Type  : Slow 1100mV 0C Model Hold 'clk_gen:inst23|div10_t:inst3|2'
Slack : 0.554
TNS   : 0.000

Type  : Slow 1100mV 0C Model Minimum Pulse Width 'clk_gen:inst23|div10_t:inst3|2'
Slack : -0.724
TNS   : -24.719

Type  : Slow 1100mV 0C Model Minimum Pulse Width 'clk'
Slack : -0.724
TNS   : -5.641

Type  : Slow 1100mV 0C Model Minimum Pulse Width 'clk_gen:inst23|div10_t:inst2|2'
Slack : -0.724
TNS   : -5.527

Type  : Slow 1100mV 0C Model Minimum Pulse Width 'clk_gen:inst23|div10_t:inst1|2'
Slack : -0.724
TNS   : -4.752

Type  : Slow 1100mV 0C Model Minimum Pulse Width 'clk_gen:inst23|div10_t:inst|2'
Slack : -0.724
TNS   : -4.608

Type  : Fast 1100mV 85C Model Setup 'clk_gen:inst23|div10_t:inst3|2'
Slack : -2.403
TNS   : -20.027

Type  : Fast 1100mV 85C Model Setup 'clk'
Slack : -0.762
TNS   : -1.268

Type  : Fast 1100mV 85C Model Setup 'clk_gen:inst23|div10_t:inst1|2'
Slack : -0.326
TNS   : -1.072

Type  : Fast 1100mV 85C Model Setup 'clk_gen:inst23|div10_t:inst2|2'
Slack : -0.305
TNS   : -0.997

Type  : Fast 1100mV 85C Model Setup 'clk_gen:inst23|div10_t:inst|2'
Slack : -0.183
TNS   : -0.610

Type  : Fast 1100mV 85C Model Hold 'clk'
Slack : -0.793
TNS   : -1.515

Type  : Fast 1100mV 85C Model Hold 'clk_gen:inst23|div10_t:inst|2'
Slack : -0.609
TNS   : -1.210

Type  : Fast 1100mV 85C Model Hold 'clk_gen:inst23|div10_t:inst1|2'
Slack : -0.586
TNS   : -1.091

Type  : Fast 1100mV 85C Model Hold 'clk_gen:inst23|div10_t:inst2|2'
Slack : -0.317
TNS   : -0.633

Type  : Fast 1100mV 85C Model Hold 'clk_gen:inst23|div10_t:inst3|2'
Slack : 0.165
TNS   : 0.000

Type  : Fast 1100mV 85C Model Minimum Pulse Width 'clk'
Slack : -0.409
TNS   : -0.827

Type  : Fast 1100mV 85C Model Minimum Pulse Width 'clk_gen:inst23|div10_t:inst|2'
Slack : 0.007
TNS   : 0.000

Type  : Fast 1100mV 85C Model Minimum Pulse Width 'clk_gen:inst23|div10_t:inst1|2'
Slack : 0.075
TNS   : 0.000

Type  : Fast 1100mV 85C Model Minimum Pulse Width 'clk_gen:inst23|div10_t:inst3|2'
Slack : 0.100
TNS   : 0.000

Type  : Fast 1100mV 85C Model Minimum Pulse Width 'clk_gen:inst23|div10_t:inst2|2'
Slack : 0.150
TNS   : 0.000

Type  : Fast 1100mV 0C Model Setup 'clk_gen:inst23|div10_t:inst3|2'
Slack : -2.260
TNS   : -18.325

Type  : Fast 1100mV 0C Model Setup 'clk'
Slack : -0.647
TNS   : -1.006

Type  : Fast 1100mV 0C Model Setup 'clk_gen:inst23|div10_t:inst2|2'
Slack : -0.312
TNS   : -0.910

Type  : Fast 1100mV 0C Model Setup 'clk_gen:inst23|div10_t:inst1|2'
Slack : -0.273
TNS   : -0.894

Type  : Fast 1100mV 0C Model Setup 'clk_gen:inst23|div10_t:inst|2'
Slack : -0.171
TNS   : -0.523

Type  : Fast 1100mV 0C Model Hold 'clk'
Slack : -0.852
TNS   : -1.581

Type  : Fast 1100mV 0C Model Hold 'clk_gen:inst23|div10_t:inst|2'
Slack : -0.569
TNS   : -1.132

Type  : Fast 1100mV 0C Model Hold 'clk_gen:inst23|div10_t:inst1|2'
Slack : -0.526
TNS   : -0.988

Type  : Fast 1100mV 0C Model Hold 'clk_gen:inst23|div10_t:inst2|2'
Slack : -0.304
TNS   : -0.607

Type  : Fast 1100mV 0C Model Hold 'clk_gen:inst23|div10_t:inst3|2'
Slack : 0.151
TNS   : 0.000

Type  : Fast 1100mV 0C Model Minimum Pulse Width 'clk'
Slack : -0.401
TNS   : -0.833

Type  : Fast 1100mV 0C Model Minimum Pulse Width 'clk_gen:inst23|div10_t:inst|2'
Slack : 0.029
TNS   : 0.000

Type  : Fast 1100mV 0C Model Minimum Pulse Width 'clk_gen:inst23|div10_t:inst1|2'
Slack : 0.080
TNS   : 0.000

Type  : Fast 1100mV 0C Model Minimum Pulse Width 'clk_gen:inst23|div10_t:inst3|2'
Slack : 0.111
TNS   : 0.000

Type  : Fast 1100mV 0C Model Minimum Pulse Width 'clk_gen:inst23|div10_t:inst2|2'
Slack : 0.146
TNS   : 0.000

------------------------------------------------------------
